Analyzing 775335805_1749185182797917_1503259357166593370_n.jpg...
Analyzing 776495940_2154523122110609_356760332200612717_n.jpg...
Analyzing 779277441_28280400428319935_8371569718575634018_n.jpg...
Analyzing 779842222_1387430090205108_5799004801655720140_n.jpg...
Analyzing 780086540_1760565428525052_4152121409823587029_n.jpg...
Analyzing 780443235_1739838417323113_2356242721593559861_n.jpg...
Analyzing 782144319_925739119992036_1634993976219471516_n.jpg...
Analyzing 782876125_907950201938571_8201646372247002772_n.jpg...
Analyzing 783374092_964415036671558_7671081481764060370_n.jpg...
Analyzing 784249740_977908725320344_6692216013069105814_n.jpg...
Analyzing 46b4adafa594455e8961fd5456075a81.MOV...
Analyzing 64e33862db75405d954110002517698e.MOV...
Analyzing 802ab48f11ba49afb610a88b3806018c.MOV...
Analyzing 8133a6f964624fd887b3e2d578b03920.MOV...
Analyzing b185447f5f274e15afb3cabd6631fed1_2.MOV...
ffmpeg failed for b185447f5f274e15afb3cabd6631fed1_2.MOV
Analyzing f157eafa718b47099adf329508b0581d_2.MOV...
ffmpeg failed for f157eafa718b47099adf329508b0581d_2.MOV
Analyzing ff6c8c1498fd490e9d98dd90abd8dbc0.MOV...
Done writing media_results.json
